// Jest Snapshot v1, https://goo.gl/fbAQLP

exports[`matches snapshot 1`] = `
<DocumentFragment>
  <div>
    <h1>
      Congratulations. You have won the game!
    </h1>
  </div>
</DocumentFragment>
`;
